---
source: src/parser.rs
expression: ast
---
BinaryOpNode {
    op: Token {
        kind: Plus,
        start: 6,
        end: 6,
        subscript: None,
    },
    left: BinaryOpNode {
        op: Token {
            kind: Plus,
            start: 2,
            end: 2,
            subscript: None,
        },
        left: Identifier {
            name: "a",
            subscript: None,
        },
        right: Identifier {
            name: "b",
            subscript: None,
        },
    },
    right: Identifier {
        name: "c",
        subscript: None,
    },
}
