---
source: src/parser.rs
expression: ast
---
BinaryOpNode {
    op: Token {
        kind: Plus,
        start: 6,
        end: 6,
    },
    left: BinaryOpNode {
        op: Token {
            kind: Plus,
            start: 2,
            end: 2,
        },
        left: Identifier(
            "a",
        ),
        right: Identifier(
            "b",
        ),
    },
    right: Identifier(
        "c",
    ),
}
