---
source: src/parser.rs
expression: ast
---
BinaryOpNode {
    op: Multiply,
    left: Int {
        value: 2,
    },
    right: BinaryOpNode {
        op: Carrot,
        left: BinaryOpNode {
            op: Wedge,
            left: Identifier {
                name: "a",
            },
            right: Identifier {
                name: "b",
            },
        },
        right: Identifier {
            name: "3",
        },
    },
}
