---
source: src/lexer.rs
expression: tokens
---
[
    Token {
        kind: Identifier,
        start: 0,
        end: 0,
        subscript: None,
    },
    Token {
        kind: WhiteSpace,
        start: 1,
        end: 1,
        subscript: None,
    },
    Token {
        kind: Wedge,
        start: 2,
        end: 7,
        subscript: None,
    },
    Token {
        kind: WhiteSpace,
        start: 8,
        end: 8,
        subscript: None,
    },
    Token {
        kind: Identifier,
        start: 9,
        end: 9,
        subscript: None,
    },
    Token {
        kind: WhiteSpace,
        start: 10,
        end: 10,
        subscript: None,
    },
    Token {
        kind: Wedge,
        start: 11,
        end: 16,
        subscript: None,
    },
    Token {
        kind: WhiteSpace,
        start: 17,
        end: 17,
        subscript: None,
    },
    Token {
        kind: Identifier,
        start: 18,
        end: 18,
        subscript: None,
    },
    Token {
        kind: WhiteSpace,
        start: 19,
        end: 19,
        subscript: None,
    },
    Token {
        kind: Wedge,
        start: 20,
        end: 25,
        subscript: None,
    },
    Token {
        kind: WhiteSpace,
        start: 26,
        end: 26,
        subscript: None,
    },
    Token {
        kind: Identifier,
        start: 27,
        end: 27,
        subscript: None,
    },
]
