---
source: src/parser.rs
expression: ast
---
BinaryOpNode {
    op: Carrot,
    left: BinaryOpNode {
        op: Underscore,
        left: Identifier {
            name: "a",
        },
        right: Identifier {
            name: "1",
        },
    },
    right: Identifier {
        name: "2",
    },
}
