---
source: src/parser.rs
expression: ast
---
ASTNode {
    start: 0,
    end: 29,
    type: BinaryOpNode {
        op: Frac,
        left: ASTNode {
            start: 6,
            end: 12,
            type: BinaryOpNode {
                op: Plus,
                left: ASTNode {
                    start: 6,
                    end: 8,
                    type: BinaryOpNode {
                        op: Underscore,
                        left: ASTNode {
                            start: 6,
                            end: 6,
                            type: Identifier {
                                name: "a",
                            },
                        },
                        right: ASTNode {
                            start: 8,
                            end: 8,
                            type: Identifier {
                                name: "1",
                            },
                        },
                    },
                },
                right: ASTNode {
                    start: 12,
                    end: 12,
                    type: Identifier {
                        name: "b",
                    },
                },
            },
        },
        right: ASTNode {
            start: 15,
            end: 28,
            type: BinaryOpNode {
                op: Wedge,
                left: ASTNode {
                    start: 15,
                    end: 18,
                    type: BinaryOpNode {
                        op: Underscore,
                        left: ASTNode {
                            start: 15,
                            end: 15,
                            type: Identifier {
                                name: "k",
                            },
                        },
                        right: ASTNode {
                            start: 18,
                            end: 18,
                            type: Identifier {
                                name: "s",
                            },
                        },
                    },
                },
                right: ASTNode {
                    start: 28,
                    end: 28,
                    type: Identifier {
                        name: "H",
                    },
                },
            },
        },
    },
}
