---
source: src/parser.rs
expression: ast
---
BinaryOpNode {
    op: Plus,
    left: BinaryOpNode {
        op: Multiply,
        left: UnaryOpNode {
            op: Minus,
            operand: Identifier {
                name: "b",
            },
        },
        right: BinaryOpNode {
            op: Plus,
            left: UnaryOpNode {
                op: Minus,
                operand: Identifier {
                    name: "ca",
                },
            },
            right: BinaryOpNode {
                op: Dot,
                left: Identifier {
                    name: "a",
                },
                right: Identifier {
                    name: "c",
                },
            },
        },
    },
    right: BinaryOpNode {
        op: Wedge,
        left: Identifier {
            name: "a",
        },
        right: Identifier {
            name: "b",
        },
    },
}
