---
source: src/parser.rs
expression: ast
---
BinaryOpNode {
    op: Token {
        kind: Carrot,
        start: 3,
        end: 3,
    },
    left: BinaryOpNode {
        op: Token {
            kind: Underscore,
            start: 1,
            end: 1,
        },
        left: Identifier {
            name: "a",
        },
        right: Identifier {
            name: "1",
        },
    },
    right: Identifier {
        name: "2",
    },
}
