---
source: src/parser.rs
expression: ast
---
BinaryOpNode {
    op: Token {
        kind: Plus,
        start: 2,
        end: 2,
    },
    left: Identifier {
        name: "c",
    },
    right: BinaryOpNode {
        op: Token {
            kind: Multiply,
            start: 5,
            end: 5,
        },
        left: Identifier {
            name: "2",
        },
        right: BinaryOpNode {
            op: Token {
                kind: Plus,
                start: 7,
                end: 7,
            },
            left: Identifier {
                name: "a",
            },
            right: Identifier {
                name: "b",
            },
        },
    },
}
