---
source: src/parser.rs
expression: ast
---
BinaryOpNode {
    op: Plus,
    left: BinaryOpNode {
        op: Plus,
        left: Identifier {
            name: "a",
        },
        right: Identifier {
            name: "b",
        },
    },
    right: Identifier {
        name: "c",
    },
}
