---
source: src/parser.rs
expression: ast
---
BinaryOpNode {
    op: Multiply,
    left: BinaryOpNode {
        op: Plus,
        left: Int {
            value: 1,
        },
        right: Int {
            value: 2,
        },
    },
    right: BinaryOpNode {
        op: Plus,
        left: Identifier {
            name: "a",
        },
        right: Identifier {
            name: "b",
        },
    },
}
