---
source: src/parser.rs
expression: ast
---
ASTNode {
    start: 0,
    end: 10,
    kind: BinaryOpNode {
        op: Plus,
        left: ASTNode {
            start: 0,
            end: 6,
            kind: BinaryOpNode {
                op: Plus,
                left: ASTNode {
                    start: 1,
                    end: 1,
                    kind: Identifier {
                        name: "a",
                    },
                },
                right: ASTNode {
                    start: 5,
                    end: 5,
                    kind: Identifier {
                        name: "b",
                    },
                },
            },
        },
        right: ASTNode {
            start: 10,
            end: 10,
            kind: Identifier {
                name: "c",
            },
        },
    },
}
