---
source: src/parser.rs
expression: ast
---
ASTNode {
    start: 0,
    end: 9,
    type: BinaryOpNode {
        op: Plus,
        left: ASTNode {
            start: 0,
            end: 0,
            type: Identifier {
                name: "c",
            },
        },
        right: ASTNode {
            start: 4,
            end: 9,
            type: BinaryOpNode {
                op: Multiply,
                left: ASTNode {
                    start: 4,
                    end: 4,
                    type: Int {
                        value: 2,
                    },
                },
                right: ASTNode {
                    start: 5,
                    end: 9,
                    type: BinaryOpNode {
                        op: Plus,
                        left: ASTNode {
                            start: 6,
                            end: 6,
                            type: Identifier {
                                name: "a",
                            },
                        },
                        right: ASTNode {
                            start: 8,
                            end: 8,
                            type: Identifier {
                                name: "b",
                            },
                        },
                    },
                },
            },
        },
    },
}
